[INFO] Scanning for projects...
[INFO] Loaded 23484 auto-discovered prefixes for remote repository central (prefixes-central.txt)
[INFO] 
[INFO] --------------------< com.handmade:handmade-store >---------------------
[INFO] Building handmade-store 1.0.0
[INFO]   from pom.xml
[INFO] --------------------------------[ jar ]---------------------------------
[INFO] Loaded 74 auto-discovered prefixes for remote repository apache.snapshots (prefixes-apache.snapshots.txt)
[INFO] 
[INFO] >>> spring-boot:3.4.1:run (default-cli) > test-compile @ handmade-store >>>
[WARNING] Could not transfer metadata /.meta/prefixes.txt from/to spring-release (https://repo.spring.io/release): HTTP Status: 401
[INFO] 
[INFO] --- resources:3.3.1:resources (default-resources) @ handmade-store ---
[INFO] Copying 1 resource from src\main\resources to target\classes
[INFO] Copying 2 resources from src\main\resources to target\classes
[INFO] 
[INFO] --- compiler:3.13.0:compile (default-compile) @ handmade-store ---
[INFO] Nothing to compile - all classes are up to date.
[INFO] 
[INFO] --- resources:3.3.1:testResources (default-testResources) @ handmade-store ---
[INFO] Copying 1 resource from src\test\resources to target\test-classes
[INFO] 
[INFO] --- compiler:3.13.0:testCompile (default-testCompile) @ handmade-store ---
[INFO] Nothing to compile - all classes are up to date.
[INFO] 
[INFO] <<< spring-boot:3.4.1:run (default-cli) < test-compile @ handmade-store <<<
[INFO] 
[INFO] 
[INFO] --- spring-boot:3.4.1:run (default-cli) @ handmade-store ---
[INFO] Loaded 50 auto-discovered prefixes for remote repository ow2-snapshot (prefixes-ow2-snapshot.txt)
[INFO] Attaching agents: []

  .   ____          _            __ _ _
 /\\ / ___'_ __ _ _(_)_ __  __ _ \ \ \ \
( ( )\___ | '_ | '_| | '_ \/ _` | \ \ \ \
 \\/  ___)| |_)| | | | | || (_| |  ) ) ) )
  '  |____| .__|_| |_|_| |_\__, | / / / /
 =========|_|==============|___/=/_/_/_/

 :: Spring Boot ::                (v3.4.1)

2026-08-10T23:18:24.315+05:30  INFO 241592 --- [           main] c.h.store.HandmadeStoreApplication       : Starting HandmadeStoreApplication using Java 25 with PID 241592 (C:\Users\anjuk\Downloads\e-commerce-main\backend\target\classes started by anjuk in C:\Users\anjuk\Downloads\e-commerce-main\backend)
2026-08-10T23:18:24.319+05:30  INFO 241592 --- [           main] c.h.store.HandmadeStoreApplication       : No active profile set, falling back to 1 default profile: "default"
2026-08-10T23:18:25.145+05:30  INFO 241592 --- [           main] .s.d.r.c.RepositoryConfigurationDelegate : Bootstrapping Spring Data JPA repositories in DEFAULT mode.
2026-08-10T23:18:25.263+05:30  INFO 241592 --- [           main] .s.d.r.c.RepositoryConfigurationDelegate : Finished Spring Data repository scanning in 109 ms. Found 17 JPA repository interfaces.
WARNING: A restricted method in java.lang.System has been called
WARNING: java.lang.System::load has been called by org.apache.tomcat.jni.Library in an unnamed module (file:/C:/Users/anjuk/.m2/repository/org/apache/tomcat/embed/tomcat-embed-core/10.1.34/tomcat-embed-core-10.1.34.jar)
WARNING: Use --enable-native-access=ALL-UNNAMED to avoid a warning for callers in this module
WARNING: Restricted methods will be blocked in a future release unless native access is enabled

2026-08-10T23:18:25.827+05:30  INFO 241592 --- [           main] o.s.b.w.embedded.tomcat.TomcatWebServer  : Tomcat initialized with port 8080 (http)
2026-08-10T23:18:25.843+05:30  INFO 241592 --- [           main] o.apache.catalina.core.StandardService   : Starting service [Tomcat]
2026-08-10T23:18:25.843+05:30  INFO 241592 --- [           main] o.apache.catalina.core.StandardEngine    : Starting Servlet engine: [Apache Tomcat/10.1.34]
2026-08-10T23:18:25.926+05:30  INFO 241592 --- [           main] o.a.c.c.C.[Tomcat].[localhost].[/]       : Initializing Spring embedded WebApplicationContext
2026-08-10T23:18:25.926+05:30  INFO 241592 --- [           main] w.s.c.ServletWebServerApplicationContext : Root WebApplicationContext: initialization completed in 1553 ms
2026-08-10T23:18:26.004+05:30  INFO 241592 --- [           main] com.zaxxer.hikari.HikariDataSource       : HikariPool-1 - Starting...
2026-08-10T23:18:26.157+05:30  INFO 241592 --- [           main] com.zaxxer.hikari.pool.HikariPool        : HikariPool-1 - Added connection com.mysql.cj.jdbc.ConnectionImpl@2f8c4fae
2026-08-10T23:18:26.159+05:30  INFO 241592 --- [           main] com.zaxxer.hikari.HikariDataSource       : HikariPool-1 - Start completed.
2026-08-10T23:18:26.258+05:30  INFO 241592 --- [           main] o.hibernate.jpa.internal.util.LogHelper  : HHH000204: Processing PersistenceUnitInfo [name: default]
2026-08-10T23:18:26.332+05:30  INFO 241592 --- [           main] org.hibernate.Version                    : HHH000412: Hibernate ORM core version 6.6.4.Final
2026-08-10T23:18:26.376+05:30  INFO 241592 --- [           main] o.h.c.internal.RegionFactoryInitiator    : HHH000026: Second-level cache disabled
2026-08-10T23:18:26.630+05:30  INFO 241592 --- [           main] o.s.o.j.p.SpringPersistenceUnitInfo      : No LoadTimeWeaver setup: ignoring JPA class transformer
2026-08-10T23:18:26.731+05:30  INFO 241592 --- [           main] org.hibernate.orm.connections.pooling    : HHH10001005: Database info:
	Database JDBC URL [Connecting through datasource 'HikariDataSource (HikariPool-1)']
	Database driver: undefined/unknown
	Database version: 8.0.44
	Autocommit mode: undefined/unknown
	Isolation level: undefined/unknown
	Minimum pool size: undefined/unknown
	Maximum pool size: undefined/unknown
2026-08-10T23:18:27.868+05:30  INFO 241592 --- [           main] o.h.e.t.j.p.i.JtaPlatformInitiator       : HHH000489: No JTA platform available (set 'hibernate.transaction.jta.platform' to enable JTA platform integration)
2026-08-10T23:18:28.031+05:30  INFO 241592 --- [           main] j.LocalContainerEntityManagerFactoryBean : Initialized JPA EntityManagerFactory for persistence unit 'default'
2026-08-10T23:18:28.261+05:30  INFO 241592 --- [           main] o.s.d.j.r.query.QueryEnhancerFactory     : Hibernate is in classpath; If applicable, HQL parser will be used.
2026-08-10T23:18:30.589+05:30  INFO 241592 --- [           main] r$InitializeUserDetailsManagerConfigurer : Global AuthenticationManager configured with UserDetailsService bean with name customUserDetailsService
2026-08-10T23:18:30.932+05:30  WARN 241592 --- [           main] JpaBaseConfiguration$JpaWebConfiguration : spring.jpa.open-in-view is enabled by default. Therefore, database queries may be performed during view rendering. Explicitly configure spring.jpa.open-in-view to disable this warning
2026-08-10T23:18:31.214+05:30  WARN 241592 --- [           main] o.s.w.s.resource.ResourceHandlerUtils    : Appended trailing slash to static resource location: file:///C:/Users/anjuk/Downloads/e-commerce-main/backend/./uploads/
2026-08-10T23:18:31.516+05:30  INFO 241592 --- [           main] o.s.b.w.embedded.tomcat.TomcatWebServer  : Tomcat started on port 8080 (http) with context path '/'
2026-08-10T23:18:31.524+05:30  INFO 241592 --- [           main] c.h.store.HandmadeStoreApplication       : Started HandmadeStoreApplication in 7.627 seconds (process running for 7.989)
2026-08-10T23:18:31.629+05:30  INFO 241592 --- [           main] com.handmade.store.config.DataSeeder     : Database already seeded. Skipping...
2026-08-10T23:20:01.153+05:30  INFO 241592 --- [nio-8080-exec-1] o.a.c.c.C.[Tomcat].[localhost].[/]       : Initializing Spring DispatcherServlet 'dispatcherServlet'
2026-08-10T23:20:01.154+05:30  INFO 241592 --- [nio-8080-exec-1] o.s.web.servlet.DispatcherServlet        : Initializing Servlet 'dispatcherServlet'
2026-08-10T23:20:01.157+05:30  INFO 241592 --- [nio-8080-exec-1] o.s.web.servlet.DispatcherServlet        : Completed initialization in 2 ms
2026-08-10T23:20:02.109+05:30  WARN 241592 --- [nio-8080-exec-1] c.h.s.s.impl.HuggingFaceServiceImpl      : Model 'google/gemma-2-2b-it' is not supported by the enabled providers. Falling back to 'google/gemma-3-4b-it'.
2026-08-10T23:27:18.644+05:30  WARN 241592 --- [nio-8080-exec-2] c.h.s.s.impl.HuggingFaceServiceImpl      : Model 'google/gemma-2-2b-it' is not supported by the enabled providers. Falling back to 'google/gemma-3-4b-it'.
2026-08-10T23:32:38.849+05:30  WARN 241592 --- [nio-8080-exec-5] c.h.s.s.impl.HuggingFaceServiceImpl      : Model 'google/gemma-2-2b-it' is not supported by the enabled providers. Falling back to 'google/gemma-3-4b-it'.
2026-08-10T23:39:55.522+05:30  WARN 241592 --- [l-1 housekeeper] com.zaxxer.hikari.pool.HikariPool        : HikariPool-1 - Thread starvation or clock leap detected (housekeeper delta=2m29s223ms680µs400ns).
2026-08-10T23:42:36.421+05:30  WARN 241592 --- [nio-8080-exec-4] c.h.s.s.impl.HuggingFaceServiceImpl      : Model 'google/gemma-2-2b-it' is not supported by the enabled providers. Falling back to 'google/gemma-3-4b-it'.
[INFO] ------------------------------------------------------------------------
[INFO] BUILD FAILURE
[INFO] ------------------------------------------------------------------------
[INFO] Total time:  57:57 min
[INFO] Finished at: 2026-08-11T00:16:16+05:30
[INFO] ------------------------------------------------------------------------
[ERROR] Failed to execute goal org.springframework.boot:spring-boot-maven-plugin:3.4.1:run (default-cli) on project handmade-store: Process terminated with exit code: -1 -> [Help 1]
[ERROR] 
[ERROR] To see the full stack trace of the errors, re-run Maven with the -e switch.
[ERROR] Re-run Maven using the -X switch to enable full debug logging.
[ERROR] 
[ERROR] For more information about the errors and possible solutions, please read the following articles:
[ERROR] [Help 1] http://cwiki.apache.org/confluence/display/MAVEN/MojoExecutionException
